Non matching element names artist and cd
Non matching element names cd and catalog
syntax error
No root markup
