You must provide two arguments to the command -t: an xml file and an xsl file
