Lexical Error (character ?)
Lexical Error (character !)
syntax error
No root markup
