The file ../files/personnes.xml is valid wrt ../files/personnes.xsd
