You must provide two arguments to the command -v: an xml file and an xsd file
