The file ../files/personne_missing_item.xml is not valid wrt ../files/personne.xsd
