<?xml encoding="ISO-8859-1" version="1.0"?>
<!DOCTYPE doc SYSTEM "no.dtd">
<?xml-stylesheet href="no.xsl" type="text/xsl"?>
<doc>
  <a>
    <x>
      blabla
    </x>
    <y>
      blabla
    </y>
    <z a="a" b="b">
      blabla
    </z>
    <x>
      blabla
    </x>
  </a>
  <a>
    <x>
      blabla
    </x>
    <y>
      blabla
    </y>
    <z>
      blabla
    </z>
    <x>
      blabla
    </x>
  </a>
</doc>
