The file ../files/choice.xml is valid wrt ../files/choice.xsd
