The file ../files/personne.xml is valid wrt ../files/personne.xsd
