The file ../files/personnes3.xml is not valid wrt ../files/personnes.xsd
