The file ../files/choice_bad.xml is not valid wrt ../files/choice.xsd
