Non matching element namespaces ns and badns
Non matching element names catalog and catalogue
