The file ../files/personne_bad_order.xml is not valid wrt ../files/personne.xsd
